
> task-core-frontend@0.0.0 build
> tsc -b && vite build

src/pages/Profile.tsx(8,10): error TS6133: 'auth' is declared but its value is never read.
src/pages/Profile.tsx(86,8): error TS2769: No overload matches this call.
  Overload 1 of 2, '(props: { component: ElementType<any, keyof IntrinsicElements>; } & TypographyOwnProps & CommonProps & Omit<any, "children" | ... 9 more ... | "variantMapping">): Element | null', gave the following error.
    Property 'component' is missing in type '{ children: string; variant: "h4"; fontWeight: string; gutterBottom: true; }' but required in type '{ component: ElementType<any, keyof IntrinsicElements>; }'.
  Overload 2 of 2, '(props: DefaultComponentProps<TypographyTypeMap<{}, "span">>): Element | null', gave the following error.
    Type '{ children: string; variant: "h4"; fontWeight: string; gutterBottom: true; }' is not assignable to type 'IntrinsicAttributes & TypographyOwnProps & CommonProps & Omit<Omit<DetailedHTMLProps<HTMLAttributes<HTMLSpanElement>, HTMLSpanElement>, "ref"> & { ...; }, "children" | ... 9 more ... | "variantMapping">'.
      Property 'fontWeight' does not exist on type 'IntrinsicAttributes & TypographyOwnProps & CommonProps & Omit<Omit<DetailedHTMLProps<HTMLAttributes<HTMLSpanElement>, HTMLSpanElement>, "ref"> & { ...; }, "children" | ... 9 more ... | "variantMapping">'.
src/pages/Profile.tsx(89,10): error TS2769: No overload matches this call.
  Overload 1 of 2, '(props: { component: ElementType<any, keyof IntrinsicElements>; } & GridBaseProps & { sx?: SxProps<Theme> | undefined; } & Omit<...>): Element | null', gave the following error.
    Property 'component' is missing in type '{ children: Element; item: true; xs: number; md: number; }' but required in type '{ component: ElementType<any, keyof IntrinsicElements>; }'.
  Overload 2 of 2, '(props: DefaultComponentProps<GridTypeMap<{}, "div">>): Element | null', gave the following error.
    Type '{ children: Element; item: true; xs: number; md: number; }' is not assignable to type 'IntrinsicAttributes & GridBaseProps & { sx?: SxProps<Theme> | undefined; } & Omit<Omit<DetailedHTMLProps<HTMLAttributes<HTMLDivElement>, HTMLDivElement>, "ref"> & { ...; }, "sx" | keyof GridBaseProps>'.
      Property 'item' does not exist on type 'IntrinsicAttributes & GridBaseProps & { sx?: SxProps<Theme> | undefined; } & Omit<Omit<DetailedHTMLProps<HTMLAttributes<HTMLDivElement>, HTMLDivElement>, "ref"> & { ...; }, "sx" | keyof GridBaseProps>'.
src/pages/Profile.tsx(91,14): error TS2769: No overload matches this call.
  Overload 1 of 2, '(props: { component: ElementType<any, keyof IntrinsicElements>; } & BoxOwnProps<Theme> & Omit<any, keyof BoxOwnProps<Theme>>): Element | null', gave the following error.
    Property 'component' is missing in type '{ children: Element[]; display: string; alignItems: string; gap: number; mb: number; }' but required in type '{ component: ElementType<any, keyof IntrinsicElements>; }'.
  Overload 2 of 2, '(props: DefaultComponentProps<BoxTypeMap<{}, "div", Theme>>): Element | null', gave the following error.
    Type '{ children: Element[]; display: string; alignItems: string; gap: number; mb: number; }' is not assignable to type 'IntrinsicAttributes & BoxOwnProps<Theme> & Omit<Omit<DetailedHTMLProps<HTMLAttributes<HTMLDivElement>, HTMLDivElement>, "ref"> & { ...; }, keyof BoxOwnProps<...>>'.
      Property 'display' does not exist on type 'IntrinsicAttributes & BoxOwnProps<Theme> & Omit<Omit<DetailedHTMLProps<HTMLAttributes<HTMLDivElement>, HTMLDivElement>, "ref"> & { ...; }, keyof BoxOwnProps<...>>'.
src/pages/Profile.tsx(101,14): error TS2769: No overload matches this call.
  Overload 1 of 2, '(props: { component: ElementType<any, keyof IntrinsicElements>; } & TypographyOwnProps & CommonProps & Omit<any, "children" | ... 9 more ... | "variantMapping">): Element | null', gave the following error.
    Property 'component' is missing in type '{ children: string; variant: "subtitle1"; fontWeight: string; }' but required in type '{ component: ElementType<any, keyof IntrinsicElements>; }'.
  Overload 2 of 2, '(props: DefaultComponentProps<TypographyTypeMap<{}, "span">>): Element | null', gave the following error.
    Type '{ children: string; variant: "subtitle1"; fontWeight: string; }' is not assignable to type 'IntrinsicAttributes & TypographyOwnProps & CommonProps & Omit<Omit<DetailedHTMLProps<HTMLAttributes<HTMLSpanElement>, HTMLSpanElement>, "ref"> & { ...; }, "children" | ... 9 more ... | "variantMapping">'.
      Property 'fontWeight' does not exist on type 'IntrinsicAttributes & TypographyOwnProps & CommonProps & Omit<Omit<DetailedHTMLProps<HTMLAttributes<HTMLSpanElement>, HTMLSpanElement>, "ref"> & { ...; }, "children" | ... 9 more ... | "variantMapping">'.
src/pages/Profile.tsx(103,16): error TS2769: No overload matches this call.
  Overload 1 of 2, '(props: { component: ElementType<any, keyof IntrinsicElements>; } & BoxOwnProps<Theme> & Omit<any, keyof BoxOwnProps<Theme>>): Element | null', gave the following error.
    Property 'component' is missing in type '{ children: Element[]; display: string; alignItems: string; gap: number; mt: number; }' but required in type '{ component: ElementType<any, keyof IntrinsicElements>; }'.
  Overload 2 of 2, '(props: DefaultComponentProps<BoxTypeMap<{}, "div", Theme>>): Element | null', gave the following error.
    Type '{ children: Element[]; display: string; alignItems: string; gap: number; mt: number; }' is not assignable to type 'IntrinsicAttributes & BoxOwnProps<Theme> & Omit<Omit<DetailedHTMLProps<HTMLAttributes<HTMLDivElement>, HTMLDivElement>, "ref"> & { ...; }, keyof BoxOwnProps<...>>'.
      Property 'display' does not exist on type 'IntrinsicAttributes & BoxOwnProps<Theme> & Omit<Omit<DetailedHTMLProps<HTMLAttributes<HTMLDivElement>, HTMLDivElement>, "ref"> & { ...; }, keyof BoxOwnProps<...>>'.
src/pages/Profile.tsx(108,16): error TS2769: No overload matches this call.
  Overload 1 of 2, '(props: { component: ElementType<any, keyof IntrinsicElements>; } & BoxOwnProps<Theme> & Omit<any, keyof BoxOwnProps<Theme>>): Element | null', gave the following error.
    Property 'component' is missing in type '{ children: Element[]; mt: number; }' but required in type '{ component: ElementType<any, keyof IntrinsicElements>; }'.
  Overload 2 of 2, '(props: DefaultComponentProps<BoxTypeMap<{}, "div", Theme>>): Element | null', gave the following error.
    Type '{ children: Element[]; mt: number; }' is not assignable to type 'IntrinsicAttributes & BoxOwnProps<Theme> & Omit<Omit<DetailedHTMLProps<HTMLAttributes<HTMLDivElement>, HTMLDivElement>, "ref"> & { ...; }, keyof BoxOwnProps<...>>'.
      Property 'mt' does not exist on type 'IntrinsicAttributes & BoxOwnProps<Theme> & Omit<Omit<DetailedHTMLProps<HTMLAttributes<HTMLDivElement>, HTMLDivElement>, "ref"> & { ...; }, keyof BoxOwnProps<...>>'.
src/pages/Profile.tsx(116,18): error TS2769: No overload matches this call.
  Overload 1 of 2, '(props: { component: ElementType<any, keyof IntrinsicElements>; } & BoxOwnProps<Theme> & Omit<any, keyof BoxOwnProps<Theme>>): Element | null', gave the following error.
    Property 'component' is missing in type '{ children: Element[]; display: string; gap: number; mt: number; }' but required in type '{ component: ElementType<any, keyof IntrinsicElements>; }'.
  Overload 2 of 2, '(props: DefaultComponentProps<BoxTypeMap<{}, "div", Theme>>): Element | null', gave the following error.
    Type '{ children: Element[]; display: string; gap: number; mt: number; }' is not assignable to type 'IntrinsicAttributes & BoxOwnProps<Theme> & Omit<Omit<DetailedHTMLProps<HTMLAttributes<HTMLDivElement>, HTMLDivElement>, "ref"> & { ...; }, keyof BoxOwnProps<...>>'.
      Property 'display' does not exist on type 'IntrinsicAttributes & BoxOwnProps<Theme> & Omit<Omit<DetailedHTMLProps<HTMLAttributes<HTMLDivElement>, HTMLDivElement>, "ref"> & { ...; }, keyof BoxOwnProps<...>>'.
src/pages/Profile.tsx(126,14): error TS2769: No overload matches this call.
  Overload 1 of 2, '(props: { component: ElementType<any, keyof IntrinsicElements>; } & TypographyOwnProps & CommonProps & Omit<any, "children" | ... 9 more ... | "variantMapping">): Element | null', gave the following error.
    Property 'component' is missing in type '{ children: string; variant: "subtitle1"; fontWeight: string; }' but required in type '{ component: ElementType<any, keyof IntrinsicElements>; }'.
  Overload 2 of 2, '(props: DefaultComponentProps<TypographyTypeMap<{}, "span">>): Element | null', gave the following error.
    Type '{ children: string; variant: "subtitle1"; fontWeight: string; }' is not assignable to type 'IntrinsicAttributes & TypographyOwnProps & CommonProps & Omit<Omit<DetailedHTMLProps<HTMLAttributes<HTMLSpanElement>, HTMLSpanElement>, "ref"> & { ...; }, "children" | ... 9 more ... | "variantMapping">'.
      Property 'fontWeight' does not exist on type 'IntrinsicAttributes & TypographyOwnProps & CommonProps & Omit<Omit<DetailedHTMLProps<HTMLAttributes<HTMLSpanElement>, HTMLSpanElement>, "ref"> & { ...; }, "children" | ... 9 more ... | "variantMapping">'.
src/pages/Profile.tsx(152,10): error TS2769: No overload matches this call.
  Overload 1 of 2, '(props: { component: ElementType<any, keyof IntrinsicElements>; } & GridBaseProps & { sx?: SxProps<Theme> | undefined; } & Omit<...>): Element | null', gave the following error.
    Property 'component' is missing in type '{ children: Element; item: true; xs: number; md: number; }' but required in type '{ component: ElementType<any, keyof IntrinsicElements>; }'.
  Overload 2 of 2, '(props: DefaultComponentProps<GridTypeMap<{}, "div">>): Element | null', gave the following error.
    Type '{ children: Element; item: true; xs: number; md: number; }' is not assignable to type 'IntrinsicAttributes & GridBaseProps & { sx?: SxProps<Theme> | undefined; } & Omit<Omit<DetailedHTMLProps<HTMLAttributes<HTMLDivElement>, HTMLDivElement>, "ref"> & { ...; }, "sx" | keyof GridBaseProps>'.
      Property 'item' does not exist on type 'IntrinsicAttributes & GridBaseProps & { sx?: SxProps<Theme> | undefined; } & Omit<Omit<DetailedHTMLProps<HTMLAttributes<HTMLDivElement>, HTMLDivElement>, "ref"> & { ...; }, "sx" | keyof GridBaseProps>'.
src/pages/Profile.tsx(154,14): error TS2769: No overload matches this call.
  Overload 1 of 2, '(props: { component: ElementType<any, keyof IntrinsicElements>; } & TypographyOwnProps & CommonProps & Omit<any, "children" | ... 9 more ... | "variantMapping">): Element | null', gave the following error.
    Property 'component' is missing in type '{ children: string; variant: "h6"; fontWeight: string; gutterBottom: true; }' but required in type '{ component: ElementType<any, keyof IntrinsicElements>; }'.
  Overload 2 of 2, '(props: DefaultComponentProps<TypographyTypeMap<{}, "span">>): Element | null', gave the following error.
    Type '{ children: string; variant: "h6"; fontWeight: string; gutterBottom: true; }' is not assignable to type 'IntrinsicAttributes & TypographyOwnProps & CommonProps & Omit<Omit<DetailedHTMLProps<HTMLAttributes<HTMLSpanElement>, HTMLSpanElement>, "ref"> & { ...; }, "children" | ... 9 more ... | "variantMapping">'.
      Property 'fontWeight' does not exist on type 'IntrinsicAttributes & TypographyOwnProps & CommonProps & Omit<Omit<DetailedHTMLProps<HTMLAttributes<HTMLSpanElement>, HTMLSpanElement>, "ref"> & { ...; }, "children" | ... 9 more ... | "variantMapping">'.
src/pages/Profile.tsx(156,16): error TS2769: No overload matches this call.
  Overload 1 of 2, '(props: { component: ElementType<any, keyof IntrinsicElements>; } & GridBaseProps & { sx?: SxProps<Theme> | undefined; } & Omit<...>): Element | null', gave the following error.
    Property 'component' is missing in type '{ children: Element; item: true; xs: number; }' but required in type '{ component: ElementType<any, keyof IntrinsicElements>; }'.
  Overload 2 of 2, '(props: DefaultComponentProps<GridTypeMap<{}, "div">>): Element | null', gave the following error.
    Type '{ children: Element; item: true; xs: number; }' is not assignable to type 'IntrinsicAttributes & GridBaseProps & { sx?: SxProps<Theme> | undefined; } & Omit<Omit<DetailedHTMLProps<HTMLAttributes<HTMLDivElement>, HTMLDivElement>, "ref"> & { ...; }, "sx" | keyof GridBaseProps>'.
      Property 'item' does not exist on type 'IntrinsicAttributes & GridBaseProps & { sx?: SxProps<Theme> | undefined; } & Omit<Omit<DetailedHTMLProps<HTMLAttributes<HTMLDivElement>, HTMLDivElement>, "ref"> & { ...; }, "sx" | keyof GridBaseProps>'.
src/pages/Profile.tsx(164,16): error TS2769: No overload matches this call.
  Overload 1 of 2, '(props: { component: ElementType<any, keyof IntrinsicElements>; } & GridBaseProps & { sx?: SxProps<Theme> | undefined; } & Omit<...>): Element | null', gave the following error.
    Property 'component' is missing in type '{ children: Element; item: true; xs: number; }' but required in type '{ component: ElementType<any, keyof IntrinsicElements>; }'.
  Overload 2 of 2, '(props: DefaultComponentProps<GridTypeMap<{}, "div">>): Element | null', gave the following error.
    Type '{ children: Element; item: true; xs: number; }' is not assignable to type 'IntrinsicAttributes & GridBaseProps & { sx?: SxProps<Theme> | undefined; } & Omit<Omit<DetailedHTMLProps<HTMLAttributes<HTMLDivElement>, HTMLDivElement>, "ref"> & { ...; }, "sx" | keyof GridBaseProps>'.
      Property 'item' does not exist on type 'IntrinsicAttributes & GridBaseProps & { sx?: SxProps<Theme> | undefined; } & Omit<Omit<DetailedHTMLProps<HTMLAttributes<HTMLDivElement>, HTMLDivElement>, "ref"> & { ...; }, "sx" | keyof GridBaseProps>'.
src/pages/Profile.tsx(172,16): error TS2769: No overload matches this call.
  Overload 1 of 2, '(props: { component: ElementType<any, keyof IntrinsicElements>; } & GridBaseProps & { sx?: SxProps<Theme> | undefined; } & Omit<...>): Element | null', gave the following error.
    Property 'component' is missing in type '{ children: Element; item: true; xs: number; }' but required in type '{ component: ElementType<any, keyof IntrinsicElements>; }'.
  Overload 2 of 2, '(props: DefaultComponentProps<GridTypeMap<{}, "div">>): Element | null', gave the following error.
    Type '{ children: Element; item: true; xs: number; }' is not assignable to type 'IntrinsicAttributes & GridBaseProps & { sx?: SxProps<Theme> | undefined; } & Omit<Omit<DetailedHTMLProps<HTMLAttributes<HTMLDivElement>, HTMLDivElement>, "ref"> & { ...; }, "sx" | keyof GridBaseProps>'.
      Property 'item' does not exist on type 'IntrinsicAttributes & GridBaseProps & { sx?: SxProps<Theme> | undefined; } & Omit<Omit<DetailedHTMLProps<HTMLAttributes<HTMLDivElement>, HTMLDivElement>, "ref"> & { ...; }, "sx" | keyof GridBaseProps>'.
src/pages/Profile.tsx(180,16): error TS2769: No overload matches this call.
  Overload 1 of 2, '(props: { component: ElementType<any, keyof IntrinsicElements>; } & GridBaseProps & { sx?: SxProps<Theme> | undefined; } & Omit<...>): Element | null', gave the following error.
    Property 'component' is missing in type '{ children: Element; item: true; xs: number; }' but required in type '{ component: ElementType<any, keyof IntrinsicElements>; }'.
  Overload 2 of 2, '(props: DefaultComponentProps<GridTypeMap<{}, "div">>): Element | null', gave the following error.
    Type '{ children: Element; item: true; xs: number; }' is not assignable to type 'IntrinsicAttributes & GridBaseProps & { sx?: SxProps<Theme> | undefined; } & Omit<Omit<DetailedHTMLProps<HTMLAttributes<HTMLDivElement>, HTMLDivElement>, "ref"> & { ...; }, "sx" | keyof GridBaseProps>'.
      Property 'item' does not exist on type 'IntrinsicAttributes & GridBaseProps & { sx?: SxProps<Theme> | undefined; } & Omit<Omit<DetailedHTMLProps<HTMLAttributes<HTMLDivElement>, HTMLDivElement>, "ref"> & { ...; }, "sx" | keyof GridBaseProps>'.
